load_nes: nes/smb3.nes size=393232 heap=176248
load_nes: 384KB exceeds SRAM, using PSRAM path
psram_self_test: PASS
[memory.cpp:78] Number of PRGROM pages = 16 (256kB)
[memory.cpp:89] Number of CHRROM pages = 16 (128kB CHRROM)
[memory.cpp:103] Flags6 = 0x40
[memory.cpp:118] Nametable arrange: Vertical
[memory.cpp:143] PRG RAM size = 8 kB
[mapper.cpp:50] Mapper No.4 (MMC3) initialized.
[cpu.cpp:62] Entry point: 0xff40
[cpu.cpp:476] NMI #0: return_PC=0xa81e SP=0xf8 vec=0xf486 prg_blocks=[69,72,71,67]
[cpu.cpp:509] RTI #0 -> PC=0xa81e SP=0xfb
[cpu.cpp:509] RTI #1 -> PC=0xa81c SP=0xfb
[cpu.cpp:476] NMI #1: return_PC=0xa81c SP=0xf8 vec=0xf486 prg_blocks=[69,72,71,67]
[cpu.cpp:509] RTI #2 -> PC=0xa81c SP=0xfb
[cpu.cpp:476] NMI #2: return_PC=0xa81e SP=0xf8 vec=0xf486 prg_blocks=[69,72,71,67]
[ppu.cpp:648]  6.43fps
[ppu.cpp:648] 58.83fps
[ppu.cpp:648] 57.73fps
[ppu.cpp:648] 58.07fps
[ppu.cpp:648] 58.51fps
[ppu.cpp:648] 58.41fps
[ppu.cpp:648] 58.84fps
[ppu.cpp:648] 59.26fps
[ppu.cpp:648] 59.51fps
[ppu.cpp:648] 58.74fps
[ppu.cpp:648] 57.97fps
[ppu.cpp:648] 57.87fps
[ppu.cpp:648] 58.18fps
